// Bun Snapshot v1, https://goo.gl/fbAQLP

exports[`DefaultMemoryStorage should search by fts 1`] = `
[
  {
    "content": "我讨厌绿色",
    "createdAt": Any<String>,
    "id": Any<String>,
    "sessionId": null,
  },
]
`;
