// Bun Snapshot v1, https://bun.sh/docs/test/snapshots

exports[`AIGNE.load should load agents correctly 1`] = `
{
  "agents": [
    {
      "description": "Chat agent",
      "name": "chat",
      "taskTitle": "process: {{message}}",
    },
    {
      "description": "Chat agent",
      "name": "chat-with-prompt",
      "taskTitle": undefined,
    },
    {
      "description": "Test team agent",
      "name": "test-team-agent",
      "taskTitle": undefined,
    },
    {
      "description": undefined,
      "name": "test-image-agent",
      "taskTitle": undefined,
    },
    {
      "description": undefined,
      "name": "test-relative-prompt-paths",
      "taskTitle": undefined,
    },
  ],
  "cli": {
    "agents": [
      {
        "agent": {
          "description": "Chat agent",
          "name": "chat",
        },
        "commands": undefined,
      },
      {
        "agent": {
          "description": undefined,
          "name": "b",
        },
        "commands": undefined,
      },
      {
        "agent": {
          "description": undefined,
          "name": "a",
        },
        "commands": [
          {
            "agent": {
              "description": undefined,
              "name": "a1",
            },
            "commands": [
              {
                "agent": {
                  "description": undefined,
                  "name": "a11",
                },
                "commands": undefined,
                "url": "test-cli-agents/a-1-1.yaml",
              },
              {
                "agent": {
                  "description": undefined,
                  "name": "a12",
                },
                "commands": undefined,
                "description": "A agent from a-1-2.yaml",
                "name": "a12-renamed",
                "url": "test-cli-agents/a-1-2.yaml",
              },
            ],
            "url": "test-cli-agents/a-1.yaml",
          },
          {
            "agent": {
              "description": undefined,
              "name": "a2",
            },
            "commands": undefined,
          },
        ],
        "description": "A agent from a.yaml",
        "name": "a-renamed",
        "url": "test-cli-agents/a.yaml",
      },
    ],
  },
  "mcpServer": {
    "agents": [
      {
        "description": "Chat agent",
        "name": "chat",
      },
    ],
  },
  "skills": [
    {
      "description": "This agent evaluates JavaScript code.",
      "name": "evaluateJs",
    },
  ],
}
`;
